// Jest Snapshot v1, https://goo.gl/fbAQLP

exports[`useFavoriteItems() returns the right result when needed 1`] = `
Object {
  "error": null,
  "favoriteItems": Array [],
  "isLoading": false,
  "queryResult": Object {
    "dataUpdatedAt": Any<Number>,
    "errorUpdateCount": 0,
    "errorUpdatedAt": 0,
    "failureCount": 0,
    "isError": false,
    "isFetched": true,
    "isFetchedAfterMount": true,
    "isFetching": false,
    "isIdle": false,
    "isLoadingError": false,
    "isPlaceholderData": false,
    "isPreviousData": false,
    "isRefetchError": false,
    "isRefetching": false,
    "isStale": false,
    "isSuccess": true,
    "remove": [Function],
    "status": "success",
  },
  "refetch": [Function],
}
`;
