// Jest Snapshot v1, https://goo.gl/fbAQLP

exports[`useContentfulAuthors() returns the right result when needed 1`] = `
Object {
  "authors": Array [
    Object {
      "about": "...",
      "avatar": Object {
        "title": "Mock Author 1",
        "url": "https://mock-cdn/mock-author-1-avatar.png",
      },
      "linkedFrom": Object {
        "lotCollection": Object {
          "items": Array [
            Object {
              "mojitoId": "mock-item-id-1",
              "slug": "mock-item-1",
              "title": "Mock Item 1",
            },
          ],
        },
      },
      "name": "Mock Author 1",
      "slug": "mock-author-1",
      "sys": Object {
        "publishedAt": "2021-11-24T11:38:28.018Z",
      },
    },
    Object {
      "about": "...",
      "avatar": Object {
        "title": "Mock Author 2",
        "url": "https://mock-cdn/mock-author-2-avatar.png",
      },
      "linkedFrom": Object {
        "lotCollection": Object {
          "items": Array [
            Object {
              "mojitoId": "mock-item-id-2",
              "slug": "mock-item-2",
              "title": "Mock Item 2",
            },
            Object {
              "mojitoId": "mock-item-id-3",
              "slug": "mock-item-3",
              "title": "Mock Item 3",
            },
          ],
        },
      },
      "name": "Mock Author 2",
      "slug": "mock-author-2",
      "sys": Object {
        "publishedAt": "2021-11-24T11:38:28.018Z",
      },
    },
  ],
  "error": null,
  "isLoading": false,
  "queryResult": Object {
    "dataUpdatedAt": Any<Number>,
    "errorUpdateCount": 0,
    "errorUpdatedAt": 0,
    "failureCount": 0,
    "isError": false,
    "isFetched": true,
    "isFetchedAfterMount": true,
    "isFetching": false,
    "isIdle": false,
    "isLoadingError": false,
    "isPlaceholderData": false,
    "isPreviousData": false,
    "isRefetchError": false,
    "isRefetching": false,
    "isStale": false,
    "isSuccess": true,
    "remove": [Function],
    "status": "success",
  },
  "refetch": [Function],
}
`;
