// Jest Snapshot v1, https://goo.gl/fbAQLP

exports[`useCollection() returns the right result when needed 1`] = `
Object {
  "collection": Object {
    "contentfulData": undefined,
    "description": "",
    "endDate": "2022-05-25T23:36:00Z",
    "hasMultipleLots": false,
    "id": "mock-collection-id",
    "isFake": true,
    "items": Array [
      Object {
        "collectionId": "mock-collection-id",
        "contentfulData": Object {
          "lotId": -1,
          "mojitoId": "NA",
          "slug": "NA",
          "subtitle": "NA",
          "title": "NA",
        },
        "details": Object {
          "__typename": "MarketplaceBuyNowOutput",
          "currentBid": null,
          "endDate": "2022-05-25T23:36:00Z",
          "endTimestamp": Any<Number>,
          "id": "mock-collection-item-details-id",
          "saleView": Object {
            "isDuringSale": false,
            "isPostSale": true,
            "isPreSale": false,
          },
          "sortNumber": 0,
          "startDate": "2022-05-24T18:44:32Z",
          "totalAvailableUnits": 1,
          "totalUnits": 1,
          "unitPrice": 100,
        },
        "id": "mock-collection-item-id",
        "marketplaceTokenId": null,
        "name": "Mock Collection Item",
        "saleType": "BuyNow",
        "slug": "mock-collection-item",
      },
    ],
    "name": "Mock Collection",
    "slug": "mock-collection",
    "startDate": "2022-05-01T14:20:00Z",
    "viewStatus": Object {
      "hasActiveAuctionItems": false,
      "hasActiveBuyNowItems": false,
      "isDuringSale": false,
      "isPostSale": true,
      "isPreSale": false,
    },
  },
  "error": null,
  "isLoading": false,
  "queryResult": Object {
    "dataUpdatedAt": Any<Number>,
    "errorUpdateCount": 0,
    "errorUpdatedAt": 0,
    "failureCount": 0,
    "isError": false,
    "isFetched": true,
    "isFetchedAfterMount": true,
    "isFetching": false,
    "isIdle": false,
    "isLoadingError": false,
    "isPlaceholderData": false,
    "isPreviousData": false,
    "isRefetchError": false,
    "isRefetching": false,
    "isStale": false,
    "isSuccess": true,
    "remove": [Function],
    "status": "success",
  },
  "refetch": [Function],
}
`;
