// Jest Snapshot v1, https://goo.gl/fbAQLP

exports[`useContentfulOrganizations() returns the right result when needed 1`] = `
Object {
  "error": null,
  "isLoading": false,
  "organizations": Array [
    Object {
      "homepageRedirect": Object {
        "name": "Mock Collection",
        "slug": "mock-collection",
      },
    },
  ],
  "queryResult": Object {
    "dataUpdatedAt": Any<Number>,
    "errorUpdateCount": 0,
    "errorUpdatedAt": 0,
    "failureCount": 0,
    "isError": false,
    "isFetched": true,
    "isFetchedAfterMount": true,
    "isFetching": false,
    "isIdle": false,
    "isLoadingError": false,
    "isPlaceholderData": false,
    "isPreviousData": false,
    "isRefetchError": false,
    "isRefetching": false,
    "isStale": true,
    "isSuccess": true,
    "remove": [Function],
    "status": "success",
  },
  "refetch": [Function],
}
`;
