// Jest Snapshot v1, https://goo.gl/fbAQLP

exports[`useCollectionLotsIdList() returns the right result when needed 1`] = `
Object {
  "collectionLotsIds": Array [
    Object {
      "contentfulData": Object {
        "lotId": -1,
        "mojitoId": "NA",
        "slug": "NA",
        "subtitle": "NA",
        "title": "NA",
      },
      "id": "mock-item-id",
      "name": "mock-item",
      "saleType": "Auction",
    },
  ],
  "error": null,
  "isLoading": false,
  "queryResult": Object {
    "dataUpdatedAt": Any<Number>,
    "errorUpdateCount": 0,
    "errorUpdatedAt": 0,
    "failureCount": 0,
    "isError": false,
    "isFetched": true,
    "isFetchedAfterMount": true,
    "isFetching": false,
    "isIdle": false,
    "isLoadingError": false,
    "isPlaceholderData": false,
    "isPreviousData": false,
    "isRefetchError": false,
    "isRefetching": false,
    "isStale": true,
    "isSuccess": true,
    "remove": [Function],
    "status": "success",
  },
  "refetch": [Function],
}
`;
